[workdir] 真实克隆目录: /root/EvoBench_v4/work/cobra_clone

============================================================
仓库: https://github.com/spf13/cobra.git
语言: go | 许可: unknown | 
============================================================
[clone] 真实克隆 https://github.com/spf13/cobra.git ...（这是真仓库，非仿真）
[history] 真实 commit 数（截取）: 1106
  扫描 commit 0/1106 ...
  扫描 commit 100/1106 ...
  扫描 commit 200/1106 ...
  扫描 commit 300/1106 ...
  扫描 commit 400/1106 ...
  扫描 commit 500/1106 ...
  扫描 commit 600/1106 ...
  扫描 commit 700/1106 ...
  扫描 commit 800/1106 ...
  扫描 commit 900/1106 ...
  扫描 commit 1000/1106 ...
  扫描 commit 1100/1106 ...
[chains] 函数总数 506 | 真实演化链(>= 2 版) 259
[out] units 259 | updates(真实编辑对) 1079 -> /root/EvoBench_v4/work/cobra

============================================================
汇总
============================================================
  cobra        go      演化链  259  units  259 updates  1079  ✅

合格仓库 1/1。
下一步：build_step2 给这些 units 配真实检索查询 + GT（用仓库 issue/SO 问题）。
