[workdir] 真实克隆目录: /root/EvoBench_v4/work/echo_clone

============================================================
仓库: https://github.com/labstack/echo.git
语言: go | 许可: unknown | 
============================================================
[clone] 真实克隆 https://github.com/labstack/echo.git ...（这是真仓库，非仿真）
[history] 真实 commit 数（截取）: 1909
  扫描 commit 0/1909 ...
  扫描 commit 100/1909 ...
  扫描 commit 200/1909 ...
  扫描 commit 300/1909 ...
  扫描 commit 400/1909 ...
  扫描 commit 500/1909 ...
  扫描 commit 600/1909 ...
  扫描 commit 700/1909 ...
  扫描 commit 800/1909 ...
  扫描 commit 900/1909 ...
  扫描 commit 1000/1909 ...
  扫描 commit 1100/1909 ...
  扫描 commit 1200/1909 ...
  扫描 commit 1300/1909 ...
  扫描 commit 1400/1909 ...
  扫描 commit 1500/1909 ...
  扫描 commit 1600/1909 ...
  扫描 commit 1700/1909 ...
  扫描 commit 1800/1909 ...
  扫描 commit 1900/1909 ...
[chains] 函数总数 1407 | 真实演化链(>= 2 版) 678
[out] units 678 | updates(真实编辑对) 3351 -> /root/EvoBench_v4/work/echo

============================================================
汇总
============================================================
  echo         go      演化链  678  units  678 updates  3351  ✅

合格仓库 1/1。
下一步：build_step2 给这些 units 配真实检索查询 + GT（用仓库 issue/SO 问题）。
