C:\Users\26240\AppData\Local\Programs\Python\Python311\python.exe : WARNING: All log messages before absl::InitializeLo
g() is called are written to STDERR
At line:1 char:959
+ ... irror.com'; C:\Users\26240\AppData\Local\Programs\Python\Python311\py ...
+                 ~~~~~~~~~~~~~~~~~~~~~~~~~~~~~~~~~~~~~~~~~~~~~~~~~~~~~~~~~
    + CategoryInfo          : NotSpecified: (WARNING: All lo...itten to STDERR:String) [], RemoteException
    + FullyQualifiedErrorId : NativeCommandError
 
I0000 00:00:1784563114.244701   13632 port.cc:153] oneDNN custom operations are on. You may see slightly different nume
rical results due to floating-point round-off errors from different computation orders. To turn them off, set the envir
onment variable `TF_ENABLE_ONEDNN_OPTS=0`.
WARNING: All log messages before absl::InitializeLog() is called are written to STDERR
I0000 00:00:1784563128.290711   13632 port.cc:153] oneDNN custom operations are on. You may see slightly different nume
rical results due to floating-point round-off errors from different computation orders. To turn them off, set the envir
onment variable `TF_ENABLE_ONEDNN_OPTS=0`.
WARNING:tensorflow:From C:\Users\26240\AppData\Local\Programs\Python\Python311\Lib\site-packages\tf_keras\src\losses.py
:2976: The name tf.losses.sparse_softmax_cross_entropy is deprecated. Please use tf.compat.v1.losses.sparse_softmax_cro
ss_entropy instead.

==============================================================================================================
低-recall 对照实验：全集 vs 三种命中子集口径下的 always/never 差异
  主口径 = 并集(always∪never命中，无selection bias)；GTleqk = 并集且|GT|<=k(去分母压低)
==============================================================================================================
仓库          查询   并集n GTlekn  |     全集Δ  |   并集_alw   并集_nev     并集Δ  |   仅alwΔ  |  GTk_alw  GTk_nev    GTkΔ
cobra      268   176    176  | +0.0517  |   0.6422   0.5634 +0.0788  | +0.1319  |   0.6422   0.5634 +0.0788
echo       314   197    197  |  -0.022  |   0.5374   0.5725 -0.0351  | +0.1286  |   0.5374   0.5725 -0.0351
express     44    38     38  | -0.0027  |   0.8592   0.8623 -0.0031  | -0.0031  |   0.8592   0.8623 -0.0031
flask       14     8      8  | +0.0714  |   0.9375   0.8125  +0.125  |  +0.125  |   0.9375   0.8125  +0.125
gin        223   141    141  | +0.0444  |   0.6607   0.5904 +0.0703  | +0.1472  |   0.6607   0.5904 +0.0703
pylint      53    32     32  | -0.0849  |   0.7443   0.8849 -0.1406  | +0.0385  |   0.7443   0.8849 -0.1406
requests    67    56     56  |  +0.003  |   0.9714   0.9679 +0.0036  | +0.0036  |   0.9714   0.9679 +0.0036

==============================================================================================================
判读（以【并集Δ】为主口径，【GTkΔ】为最干净复核）：
  三口径 |Δ| 都在 ±0.02 内 → 差异小不是低recall退化，Finding1 最稳，堵死两个追问 ✅
  某口径 |Δ| 明显放大        → 低recall/分母确实掩盖了差异，该口径下 Finding1 需改写 🔴

  平均|全集Δ|=0.0400  |并集Δ|=0.0652  |仅alwaysΔ|=0.0826  |GTleqkΔ|=0.0652
  → 主口径判读：并集中间⚠  GTleqk中间⚠
  （若并集与GTleqk结论一致且都<0.03，是最强结果；若两者分歧，说明分母效应在起作用，需在论文里分列报告）
