
============================================================
仓库: pylint  [step2 v4 (行号范围法+花括号定界+GT上限; commit-first号对齐+冻结+issue/PR标记)]  GT上限=8
============================================================
[units] 第一步单元 162
[freeze] 本次 clone HEAD = 5f7e4013c004（复现需 checkout 此 SHA）
[link] 先扫 commit，建 号→修复commit→改动函数 的真实链路...
  commit 引用了 4372 个号（强链接 801 / 弱链接 3571）
[issues] 按引用号拉 issue/PR 详情（对齐拉取，冻结缓存）...
  [fetch] 按 commit 引用的 500 个号逐个拉详情（对齐拉取，非倒序最新）...
    进度 100/500，已配到 100 条有效
    进度 200/500，已配到 198 条有效
    进度 300/500，已配到 295 条有效
    进度 400/500，已配到 394 条有效
  [cache] 冻结 488 条详情 -> c:\Users\26240\Desktop\SemView\EvoBench_扩仓库执行包_v4\bench_raw\pylint\step2\issue_cache.json
  拿到 488 条有效（真实 issue 307 / PR 181）
[out] 带非空GT查询 53  |  strong=29 weak=24  |  issue=34 pr=19  |  最严(strong+issue)=28
[gt-cap] GT上限=8，被丢弃的大commit数=0（丢弃多→该仓库批量重构多、可定位修复少；可调 --gt-max 观察）
  写出 queries.jsonl + ground_truth.json -> c:\Users\26240\Desktop\SemView\EvoBench_扩仓库执行包_v4\bench_raw\pylint\step2

============================================================
汇总
============================================================
  pylint       真实查询(带GT)   53  ✅

合格仓库 1/1。
下一步：build_step3 用真 MiniLM 跑体检/统计，把 units+updates+queries+GT 打包发布。
