【自检】模型=bge（真实嵌入）
  ✅ 真实 bge（BAAI/bge-small-en-v1.5, 384维, ST原生）
  [版本对齐] 259/259 个单元用 old_text 作更新前基准（其余用 units.text）

=== cobra（1079 更新, 259 单元）===
  policy           recall@10  重算次数       省算%     
  always-rebuild       0.4074       1079     0.0%
  never-rebuild        0.3857          0   100.0%
  audit(τ=0.02)        0.3905        649    39.9%
  audit(τ=0.05)        0.3979        254    76.5%
  audit(τ=0.1)         0.3849         79    92.7%
  audit(τ=0.2)         0.3887          5    99.5%
  [版本对齐] 678/678 个单元用 old_text 作更新前基准（其余用 units.text）

=== echo（3351 更新, 678 单元）===
  policy           recall@10  重算次数       省算%     
  always-rebuild       0.3890       3351     0.0%
  never-rebuild        0.4024          0   100.0%
  audit(τ=0.02)        0.3797       2587    22.8%
  audit(τ=0.05)        0.3798       1841    45.1%
  audit(τ=0.1)         0.3886        507    84.9%
  audit(τ=0.2)         0.4020         31    99.1%
  [版本对齐] 131/131 个单元用 old_text 作更新前基准（其余用 units.text）

=== flask（334 更新, 131 单元）===
  policy           recall@10  重算次数       省算%     
  always-rebuild       0.5357        334     0.0%
  never-rebuild        0.4643          0   100.0%
  audit(τ=0.02)        0.5357        190    43.1%
  audit(τ=0.05)        0.5536        137    59.0%
  audit(τ=0.1)         0.4643         58    82.6%
  audit(τ=0.2)         0.4643          3    99.1%
  [版本对齐] 434/434 个单元用 old_text 作更新前基准（其余用 units.text）

=== gin（1802 更新, 434 单元）===
  policy           recall@10  重算次数       省算%     
  always-rebuild       0.4032       1802     0.0%
  never-rebuild        0.3907          0   100.0%
  audit(τ=0.02)        0.4027       1271    29.5%
  audit(τ=0.05)        0.3873        603    66.5%
  audit(τ=0.1)         0.3888        237    86.8%
  audit(τ=0.2)         0.3929          9    99.5%
  [版本对齐] 162/162 个单元用 old_text 作更新前基准（其余用 units.text）

=== pylint（720 更新, 162 单元）===
  policy           recall@10  重算次数       省算%     
  always-rebuild       0.5862        720     0.0%
  never-rebuild        0.6774          0   100.0%
  audit(τ=0.02)        0.6113        166    76.9%
  audit(τ=0.05)        0.6396         52    92.8%
  audit(τ=0.1)         0.6774         40    94.4%
  audit(τ=0.2)         0.6774          2    99.7%
  [版本对齐] 43/43 个单元用 old_text 作更新前基准（其余用 units.text）

=== requests（69 更新, 43 单元）===
  policy           recall@10  重算次数       省算%     
  always-rebuild       0.8358         69     0.0%
  never-rebuild        0.8716          0   100.0%
  audit(τ=0.02)        0.8537         16    76.8%
  audit(τ=0.05)        0.8537          8    88.4%
  audit(τ=0.1)         0.8716          5    92.8%
  audit(τ=0.2)         0.8716          0   100.0%

✅ 真实 sweep 存到 baseline_sweep_bge.json
这张表 = benchmark 论文的 Table 1（判别力证据）。
解读：always recall 最高 cost 最高、never cost=0 recall 最低、
      audit 随 τ 增大省算增多但 recall 缓降——若 audit 能在小 recall 损失下大幅省算，
      则证明 benchmark 有判别力 + 你的方法有价值。

STDERR:
WARNING: All log messages before absl::InitializeLog() is called are written to STDERR
I0000 00:00:1784562173.729220   43216 port.cc:153] oneDNN custom operations are on. You may see slightly different numerical results due to floating-point round-off errors from different computation orders. To turn them off, set the environment variable `TF_ENABLE_ONEDNN_OPTS=0`.
WARNING: All log messages before absl::InitializeLog() is called are written to STDERR
I0000 00:00:1784562179.652609   43216 port.cc:153] oneDNN custom operations are on. You may see slightly different numerical results due to floating-point round-off errors from different computation orders. To turn them off, set the environment variable `TF_ENABLE_ONEDNN_OPTS=0`.
WARNING:tensorflow:From C:\Users\26240\AppData\Local\Programs\Python\Python311\Lib\site-packages\tf_keras\src\losses.py:2976: The name tf.losses.sparse_softmax_cross_entropy is deprecated. Please use tf.compat.v1.losses.sparse_softmax_cross_entropy instead.

