【自检】模型=mpnet（真实嵌入）
  ✅ 真实 mpnet（all-mpnet-base-v2, 768维, ST原生）
  [版本对齐] 259/259 个单元用 old_text 作更新前基准（其余用 units.text）

=== cobra（1079 更新, 259 单元）===
  policy           recall@10  重算次数       省算%     
  always-rebuild       0.4604       1079     0.0%
  never-rebuild        0.4426          0   100.0%
  audit(τ=0.02)        0.4597        890    17.5%
  audit(τ=0.05)        0.4618        711    34.1%
  audit(τ=0.1)         0.4461        409    62.1%
  audit(τ=0.2)         0.4549        251    76.7%
  [版本对齐] 678/678 个单元用 old_text 作更新前基准（其余用 units.text）

=== echo（3351 更新, 678 单元）===
  policy           recall@10  重算次数       省算%     
  always-rebuild       0.3787       3351     0.0%
  never-rebuild        0.3585          0   100.0%
  audit(τ=0.02)        0.3776       2930    12.6%
  audit(τ=0.05)        0.3757       2640    21.2%
  audit(τ=0.1)         0.3774       2185    34.8%
  audit(τ=0.2)         0.3858       1106    67.0%
  [版本对齐] 131/131 个单元用 old_text 作更新前基准（其余用 units.text）

=== flask（334 更新, 131 单元）===
  policy           recall@10  重算次数       省算%     
  always-rebuild       0.5595        334     0.0%
  never-rebuild        0.5238          0   100.0%
  audit(τ=0.02)        0.5595        253    24.3%
  audit(τ=0.05)        0.5595        180    46.1%
  audit(τ=0.1)         0.5952        134    59.9%
  audit(τ=0.2)         0.5952         35    89.5%
  [版本对齐] 434/434 个单元用 old_text 作更新前基准（其余用 units.text）

=== gin（1802 更新, 434 单元）===
  policy           recall@10  重算次数       省算%     
  always-rebuild       0.3799       1802     0.0%
  never-rebuild        0.3596          0   100.0%
  audit(τ=0.02)        0.3889       1559    13.5%
  audit(τ=0.05)        0.3904       1395    22.6%
  audit(τ=0.1)         0.3668        844    53.2%
  audit(τ=0.2)         0.3750        412    77.1%
  [版本对齐] 162/162 个单元用 old_text 作更新前基准（其余用 units.text）

=== pylint（720 更新, 162 单元）===
  policy           recall@10  重算次数       省算%     
  always-rebuild       0.5500        720     0.0%
  never-rebuild        0.5186          0   100.0%
  audit(τ=0.02)        0.5500        276    61.7%
  audit(τ=0.05)        0.5123        196    72.8%
  audit(τ=0.1)         0.5123         92    87.2%
  audit(τ=0.2)         0.5186         81    88.8%
  [版本对齐] 43/43 个单元用 old_text 作更新前基准（其余用 units.text）

=== requests（69 更新, 43 单元）===
  policy           recall@10  重算次数       省算%     
  always-rebuild       0.8716         69     0.0%
  never-rebuild        0.8716          0   100.0%
  audit(τ=0.02)        0.8716         24    65.2%
  audit(τ=0.05)        0.8716         11    84.1%
  audit(τ=0.1)         0.8687          6    91.3%
  audit(τ=0.2)         0.8716          2    97.1%

✅ 真实 sweep 存到 baseline_sweep_mpnet.json
这张表 = benchmark 论文的 Table 1（判别力证据）。
解读：always recall 最高 cost 最高、never cost=0 recall 最低、
      audit 随 τ 增大省算增多但 recall 缓降——若 audit 能在小 recall 损失下大幅省算，
      则证明 benchmark 有判别力 + 你的方法有价值。

STDERR:
WARNING: All log messages before absl::InitializeLog() is called are written to STDERR
I0000 00:00:1784562094.050879   49844 port.cc:153] oneDNN custom operations are on. You may see slightly different numerical results due to floating-point round-off errors from different computation orders. To turn them off, set the environment variable `TF_ENABLE_ONEDNN_OPTS=0`.
WARNING: All log messages before absl::InitializeLog() is called are written to STDERR
I0000 00:00:1784562100.420578   49844 port.cc:153] oneDNN custom operations are on. You may see slightly different numerical results due to floating-point round-off errors from different computation orders. To turn them off, set the environment variable `TF_ENABLE_ONEDNN_OPTS=0`.
WARNING:tensorflow:From C:\Users\26240\AppData\Local\Programs\Python\Python311\Lib\site-packages\tf_keras\src\losses.py:2976: The name tf.losses.sparse_softmax_cross_entropy is deprecated. Please use tf.compat.v1.losses.sparse_softmax_cross_entropy instead.

